Removed Pin From Net: NetName=+12 Pin=C1-P
Removed Pin From Net: NetName=+12 Pin=C2-P
Removed Pin From Net: NetName=GND Pin=R1-1
Removed Pin From Net: NetName=+12 Pin=U3-16
Removed Pin From Net: NetName=+12 Pin=U4-16
Added Pin To Net: NetName=GND Pin=U2-GND
Change Net Name : Old Net Name=+12 New Net Name=+12V
Added Pin To Net: NetName=+3V3 Pin=U1-J2_1
Added Pin To Net: NetName=+3V3 Pin=U2-VCC
Added Pin To Net: NetName=+3V3 Pin=U3-5
Added Pin To Net: NetName=+3V3 Pin=U3-6
Added Pin To Net: NetName=+3V3 Pin=U4-5
Added Pin To Net: NetName=+3V3 Pin=U4-6
Added Net: Name=+3V3
Added Pin To Net: NetName=NetC5_1 Pin=C5-1
Added Pin To Net: NetName=NetC5_1 Pin=J10-1
Added Pin To Net: NetName=NetC5_1 Pin=Q1-1
Added Net: Name=NetC5_1
Added Pin To Net: NetName=VOUT_5V Pin=C4-1
Added Pin To Net: NetName=VOUT_5V Pin=Q1-3
Added Pin To Net: NetName=VOUT_5V Pin=U1-J2_19
Added Net: Name=VOUT_5V
Added Pin To Net: NetName=Vsupply Pin=C1-P
Added Pin To Net: NetName=Vsupply Pin=C2-P
Added Pin To Net: NetName=Vsupply Pin=J10-2
Added Pin To Net: NetName=Vsupply Pin=S1-2
Added Pin To Net: NetName=Vsupply Pin=U3-16
Added Pin To Net: NetName=Vsupply Pin=U4-16
Added Net: Name=Vsupply
Added Rule: Name=Schematic Supply Nets_2
Added Rule: Name=Schematic Supply Nets_3
Added Rule: Name=Schematic Supply Nets_4
Added Rule: Name=Schematic Supply Nets_5
